{
  "by_regime": {
    "middle": {
      "action_rates": {
        "INSPECT": 0.0,
        "REPAIR": 0.06666666666666667,
        "REPLACE": 0.0,
        "RUN": 0.9333333333333333,
        "WAIT": 0.0
      },
      "commitment_mode_rates": {
        "dominance": 1.0
      },
      "commitment_modes": {
        "dominance": 240
      },
      "low_true_health_steps": 111,
      "masked_low_true_health_steps": 9,
      "mean_best_nonrun_decision_state": 0.30866547784065396,
      "mean_best_nonrun_dominance_score": 0.5392201219353038,
      "mean_observed_health_norm": 0.659375,
      "mean_run_burden_pressure": 0.1388778104389291,
      "mean_run_decision_state": 0.34539438147254503,
      "mean_run_dominance_minus_best_nonrun": 0.22818680486585166,
      "mean_run_dominance_score": 0.7674069268011554,
      "mean_run_fracture_state": 0.09556559844593096,
      "mean_run_local_support": 0.6250457500000001,
      "mean_true_health_norm": 0.665625,
      "n_steps": 240,
      "run_dominates_when_true_health_le_half_rate": 0.8558558558558559,
      "run_rate_when_true_health_le_half": 0.8558558558558559,
      "run_rate_when_true_low_but_observed_high_or_absent": 1.0,
      "time_buckets": {
        "early": {
          "action_rates": {
            "INSPECT": 0.0,
            "REPAIR": 0.024691358024691357,
            "REPLACE": 0.0,
            "RUN": 0.9753086419753086,
            "WAIT": 0.0
          },
          "mean_observed_health_norm": 0.7283950617283951,
          "mean_run_burden_pressure": 0.12256072214440299,
          "mean_run_dominance_score": 0.7986350133858086,
          "mean_run_fracture_state": 0.08786462864296994,
          "mean_run_local_support": 0.6662609876543211,
          "mean_true_health_norm": 0.7283950617283951,
          "n": 81
        },
        "late": {
          "action_rates": {
            "INSPECT": 0.0,
            "REPAIR": 0.1111111111111111,
            "REPLACE": 0.0,
            "RUN": 0.8888888888888888,
            "WAIT": 0.0
          },
          "mean_observed_health_norm": 0.6512345679012346,
          "mean_run_burden_pressure": 0.1416693943537018,
          "mean_run_dominance_score": 0.7585048753807563,
          "mean_run_fracture_state": 0.0961526974597512,
          "mean_run_local_support": 0.6180634567901235,
          "mean_true_health_norm": 0.6635802469135802,
          "n": 81
        },
        "mid": {
          "action_rates": {
            "INSPECT": 0.0,
            "REPAIR": 0.0641025641025641,
            "REPLACE": 0.0,
            "RUN": 0.9358974358974359,
            "WAIT": 0.0
          },
          "mean_observed_health_norm": 0.5961538461538461,
          "mean_run_burden_pressure": 0.15292352652559615,
          "mean_run_dominance_score": 0.7442221979767378,
          "mean_run_fracture_state": 0.10295307965003869,
          "mean_run_local_support": 0.589496153846154,
          "mean_true_health_norm": 0.6025641025641025,
          "n": 78
        }
      }
    },
    "renewal_like": {
      "action_rates": {
        "INSPECT": 0.13,
        "REPAIR": 0.10666666666666667,
        "REPLACE": 0.10666666666666667,
        "RUN": 0.5533333333333333,
        "WAIT": 0.10333333333333333
      },
      "commitment_mode_rates": {
        "dominance": 0.10666666666666667,
        "reopen_or_sample": 0.43,
        "stable_continuation": 0.4633333333333333
      },
      "commitment_modes": {
        "dominance": 32,
        "reopen_or_sample": 129,
        "stable_continuation": 139
      },
      "low_true_health_steps": 33,
      "masked_low_true_health_steps": 29,
      "mean_best_nonrun_decision_state": 0.29623309284549915,
      "mean_best_nonrun_dominance_score": 0.4723644959080659,
      "mean_observed_health_norm": 0.9863945578231292,
      "mean_run_burden_pressure": 0.15643726872698638,
      "mean_run_decision_state": 0.2943312158400374,
      "mean_run_dominance_minus_best_nonrun": 0.06833118555143709,
      "mean_run_dominance_score": 0.540695681459503,
      "mean_run_fracture_state": 0.11530578909986561,
      "mean_run_local_support": 0.675674142857143,
      "mean_true_health_norm": 0.8808333333333334,
      "n_steps": 300,
      "run_dominates_when_true_health_le_half_rate": 0.8787878787878788,
      "run_rate_when_true_health_le_half": 0.45454545454545453,
      "run_rate_when_true_low_but_observed_high_or_absent": 0.5172413793103449,
      "time_buckets": {
        "early": {
          "action_rates": {
            "INSPECT": 0.18181818181818182,
            "REPAIR": 0.09090909090909091,
            "REPLACE": 0.08080808080808081,
            "RUN": 0.5656565656565656,
            "WAIT": 0.08080808080808081
          },
          "mean_observed_health_norm": 0.956989247311828,
          "mean_run_burden_pressure": 0.17956748099086783,
          "mean_run_dominance_score": 0.5183046316111397,
          "mean_run_fracture_state": 0.12514980351772936,
          "mean_run_local_support": 0.6572822510822511,
          "mean_true_health_norm": 0.8686868686868687,
          "n": 99
        },
        "late": {
          "action_rates": {
            "INSPECT": 0.09803921568627451,
            "REPAIR": 0.10784313725490197,
            "REPLACE": 0.11764705882352941,
            "RUN": 0.5686274509803921,
            "WAIT": 0.10784313725490197
          },
          "mean_observed_health_norm": 1.0,
          "mean_run_burden_pressure": 0.14408039215686275,
          "mean_run_dominance_score": 0.5558305990399357,
          "mean_run_fracture_state": 0.1095019745189487,
          "mean_run_local_support": 0.6859227450980393,
          "mean_true_health_norm": 0.8995098039215687,
          "n": 102
        },
        "mid": {
          "action_rates": {
            "INSPECT": 0.1111111111111111,
            "REPAIR": 0.12121212121212122,
            "REPLACE": 0.12121212121212122,
            "RUN": 0.5252525252525253,
            "WAIT": 0.12121212121212122
          },
          "mean_observed_health_norm": 1.0,
          "mean_run_burden_pressure": 0.14603838383838383,
          "mean_run_dominance_score": 0.5474931798613599,
          "mean_run_fracture_state": 0.11144146243203744,
          "mean_run_local_support": 0.6835068686868688,
          "mean_true_health_norm": 0.8737373737373737,
          "n": 99
        }
      }
    }
  },
  "classification": {
    "diagnosis": [
      "middle remains RUN-dominant; candidate/readout does not create enough preventive action pressure.",
      "middle often RUNs even when audit-only true health is <= 0.5; public candidate evidence does not anticipate degradation strongly enough.",
      "middle RUN dominance score stays far above best non-RUN candidate; CommitmentSurface is not the immediate bottleneck because the candidate rows already favor RUN.",
      "renewal_like creates enough candidate contrast to move away from RUN; strong burden/hiddenness survives publication.",
      "reopen/sample mode is much more active in renewal_like than middle, indicating intermediate burden is too weak/late in middle publication."
    ],
    "next_audit_target": "public middle-regime evidence mapping into candidate burden/sampling, especially observed-health masking and RUN dominance before visible collapse"
  },
  "episodes": [
    {
      "action_rates": {
        "INSPECT": 0.0,
        "REPAIR": 0.0625,
        "REPLACE": 0.0,
        "RUN": 0.9375,
        "WAIT": 0.0
      },
      "horizon": 80,
      "regime": "middle",
      "seed": 0,
      "steps": 80,
      "total_reward": 42.25000000000001
    },
    {
      "action_rates": {
        "INSPECT": 0.0,
        "REPAIR": 0.075,
        "REPLACE": 0.0,
        "RUN": 0.925,
        "WAIT": 0.0
      },
      "horizon": 80,
      "regime": "middle",
      "seed": 1,
      "steps": 80,
      "total_reward": 49.7
    },
    {
      "action_rates": {
        "INSPECT": 0.0,
        "REPAIR": 0.0625,
        "REPLACE": 0.0,
        "RUN": 0.9375,
        "WAIT": 0.0
      },
      "horizon": 80,
      "regime": "middle",
      "seed": 2,
      "steps": 80,
      "total_reward": 42.75
    },
    {
      "action_rates": {
        "INSPECT": 0.11,
        "REPAIR": 0.11,
        "REPLACE": 0.11,
        "RUN": 0.56,
        "WAIT": 0.11
      },
      "horizon": 100,
      "regime": "renewal_like",
      "seed": 0,
      "steps": 100,
      "total_reward": 10.300000000000002
    },
    {
      "action_rates": {
        "INSPECT": 0.17,
        "REPAIR": 0.1,
        "REPLACE": 0.1,
        "RUN": 0.54,
        "WAIT": 0.09
      },
      "horizon": 100,
      "regime": "renewal_like",
      "seed": 1,
      "steps": 100,
      "total_reward": 12.349999999999998
    },
    {
      "action_rates": {
        "INSPECT": 0.11,
        "REPAIR": 0.11,
        "REPLACE": 0.11,
        "RUN": 0.56,
        "WAIT": 0.11
      },
      "horizon": 100,
      "regime": "renewal_like",
      "seed": 2,
      "steps": 100,
      "total_reward": -0.6999999999999977
    }
  ],
  "max_steps": null,
  "oracle_note": "true_health_* fields are audit-only and are never fed to the CO adapter/runtime",
  "purpose": "trace public observations, raw candidates, CandidateSurface rows, and CommitmentSurface assessment for middle vs renewal_like maintenance",
  "regimes": [
    "middle",
    "renewal_like"
  ],
  "seeds": [
    0,
    1,
    2
  ],
  "study": "maintenance_candidate_row_trace_v1"
}
